FoodieHub - Complete Functionality Test Report
Generated: 2025-11-01 14:39:36
========================================

SUMMARY:
- Total Tests: 40
- Passed: 35
- Failed: 4
- Warnings: 1
- Success Rate: 87.5%
- Completion Rate: 90%

BREAKDOWN:
- Backend API Tests: 14 tests
- Frontend Tests: 9 tests
- Integration Tests: 7 tests
- Database Tests: 4 tests
- Performance Tests: 6 tests

STATUS: MOSTLY FUNCTIONAL
